Module substitution

This test substitutes one module for another. We substitute
SubTargets in place of SubstituteMe, so the result expected is that
the equations for t, u and v point to SubTargets rather than SubstituteMe

BEFORE
======
S: sig
open [  (removed=[]) ]type tt/27 = resolved(local(SubstituteMe/24)).t
type uu/28 = resolved(local(SubstituteMe/24)).u
type vv/29 = resolved(local(SubstituteMe/24)).v
 (removed=[])end

AFTER 
======
S: sig
open [  (removed=[]) ]type tt/30 = resolved(local(SubTargets/25)).t
type uu/31 = resolved(local(SubTargets/25)).u
type vv/32 = resolved(local(SubTargets/25)).v
 (removed=[])end

