--- input ---
{0 Foo}
--- output ---
{"value":[{"`Heading":[{"heading_level":"`Title","heading_label_explicit":"false"},{"`Label":[{"`Page":["None","f.ml"]},"foo"]},[{"`Word":"Foo"}]]}],"warnings":[]}
--- input ---
{6 Foo}
--- output ---
{"value":[{"`Heading":[{"heading_level":"`Subparagraph","heading_label_explicit":"false"},{"`Label":[{"`Page":["None","f.ml"]},"foo"]},[{"`Word":"Foo"}]]}],"warnings":["File \"f.ml\", line 1, characters 0-7:\n'6': bad heading level (0-5 allowed)."]}
--- input ---
{0 Foo}
{0 Bar}
--- output ---
{"value":[{"`Heading":[{"heading_level":"`Title","heading_label_explicit":"false"},{"`Label":[{"`Page":["None","f.ml"]},"foo"]},[{"`Word":"Foo"}]]},{"`Heading":[{"heading_level":"`Title","heading_label_explicit":"false"},{"`Label":[{"`Page":["None","f.ml"]},"bar"]},[{"`Word":"Bar"}]]}],"warnings":["File \"f.ml\", line 2, characters 0-7:\n'{0': heading level should be lower than top heading level '0'."]}
--- input ---
foo
--- output ---
{"value":[{"`Paragraph":[{"`Word":"foo"}]}],"warnings":["File \"f.ml.mld\":\nPages (.mld files) should start with a heading."]}
--- input ---
foo
{0 Bar}
--- output ---
{"value":[{"`Paragraph":[{"`Word":"foo"}]},{"`Heading":[{"heading_level":"`Title","heading_label_explicit":"false"},{"`Label":[{"`Page":["None","f.ml"]},"bar"]},[{"`Word":"Bar"}]]}],"warnings":["File \"f.ml.mld\":\nPages (.mld files) should start with a heading."]}
--- input ---
{1 Foo}
{1 Bar}
--- output ---
{"value":[{"`Heading":[{"heading_level":"`Section","heading_label_explicit":"false"},{"`Label":[{"`Page":["None","f.ml"]},"foo"]},[{"`Word":"Foo"}]]},{"`Heading":[{"heading_level":"`Section","heading_label_explicit":"false"},{"`Label":[{"`Page":["None","f.ml"]},"bar"]},[{"`Word":"Bar"}]]}],"warnings":["File \"f.ml\", line 2, characters 0-7:\n'{1': heading level should be lower than top heading level '1'."]}
--- input ---
{1 Foo}
{0 Bar}
--- output ---
{"value":[{"`Heading":[{"heading_level":"`Section","heading_label_explicit":"false"},{"`Label":[{"`Page":["None","f.ml"]},"foo"]},[{"`Word":"Foo"}]]},{"`Heading":[{"heading_level":"`Title","heading_label_explicit":"false"},{"`Label":[{"`Page":["None","f.ml"]},"bar"]},[{"`Word":"Bar"}]]}],"warnings":["File \"f.ml\", line 2, characters 0-7:\n'{0': heading level should be lower than top heading level '1'."]}
--- input ---
{3 Foo}
{1 Bar}
{2 Baz}
--- output ---
{"value":[{"`Heading":[{"heading_level":"`Subsubsection","heading_label_explicit":"false"},{"`Label":[{"`Page":["None","f.ml"]},"foo"]},[{"`Word":"Foo"}]]},{"`Heading":[{"heading_level":"`Section","heading_label_explicit":"false"},{"`Label":[{"`Page":["None","f.ml"]},"bar"]},[{"`Word":"Bar"}]]},{"`Heading":[{"heading_level":"`Subsection","heading_label_explicit":"false"},{"`Label":[{"`Page":["None","f.ml"]},"baz"]},[{"`Word":"Baz"}]]}],"warnings":["File \"f.ml\", line 2, characters 0-7:\n'{1': heading level should be lower than top heading level '3'.","File \"f.ml\", line 3, characters 0-7:\n'{2': heading level should be lower than top heading level '3'."]}
--- input ---
{1 Foo}
--- output ---
{"value":[{"`Heading":[{"heading_level":"`Section","heading_label_explicit":"false"},{"`Label":[{"`Page":["None","f.ml"]},"foo"]},[{"`Word":"Foo"}]]}],"warnings":[]}
--- input ---
{0 Foo}
--- output ---
{"value":[{"`Heading":[{"heading_level":"`Title","heading_label_explicit":"false"},{"`Label":[{"`Page":["None","f.ml"]},"foo"]},[{"`Word":"Foo"}]]}],"warnings":[]}
--- input ---
{0 Foo}
{0 Bar}
--- output ---
{"value":[{"`Heading":[{"heading_level":"`Title","heading_label_explicit":"false"},{"`Label":[{"`Page":["None","f.ml"]},"foo"]},[{"`Word":"Foo"}]]},{"`Heading":[{"heading_level":"`Title","heading_label_explicit":"false"},{"`Label":[{"`Page":["None","f.ml"]},"bar"]},[{"`Word":"Bar"}]]}],"warnings":["File \"f.ml\", line 2, characters 0-7:\n'{0': heading level should be lower than top heading level '0'."]}
--- input ---
{1 Foo}
{1 Bar}
--- output ---
{"value":[{"`Heading":[{"heading_level":"`Section","heading_label_explicit":"false"},{"`Label":[{"`Page":["None","f.ml"]},"foo"]},[{"`Word":"Foo"}]]},{"`Heading":[{"heading_level":"`Section","heading_label_explicit":"false"},{"`Label":[{"`Page":["None","f.ml"]},"bar"]},[{"`Word":"Bar"}]]}],"warnings":["File \"f.ml\", line 2, characters 0-7:\n'{1': heading level should be lower than top heading level '1'."]}
--- input ---
{0 Foo}
{0 Foo}
{6 Foo}
--- output ---
{"value":[{"`Heading":[{"heading_level":"`Title","heading_label_explicit":"false"},{"`Label":[{"`Page":["None","f.ml"]},"foo"]},[{"`Word":"Foo"}]]},{"`Heading":[{"heading_level":"`Title","heading_label_explicit":"false"},{"`Label":[{"`Page":["None","f.ml"]},"foo"]},[{"`Word":"Foo"}]]},{"`Heading":[{"heading_level":"`Subparagraph","heading_label_explicit":"false"},{"`Label":[{"`Page":["None","f.ml"]},"foo"]},[{"`Word":"Foo"}]]}],"warnings":["File \"f.ml\", line 2, characters 0-7:\n'{0': heading level should be lower than top heading level '0'.","File \"f.ml\", line 3, characters 0-7:\n'6': bad heading level (0-5 allowed)."]}
--- input ---
{6 Foo}
{6 Bar}
--- output ---
{"value":[{"`Heading":[{"heading_level":"`Subparagraph","heading_label_explicit":"false"},{"`Label":[{"`Page":["None","f.ml"]},"foo"]},[{"`Word":"Foo"}]]},{"`Heading":[{"heading_level":"`Subparagraph","heading_label_explicit":"false"},{"`Label":[{"`Page":["None","f.ml"]},"bar"]},[{"`Word":"Bar"}]]}],"warnings":["File \"f.ml\", line 1, characters 0-7:\n'6': bad heading level (0-5 allowed).","File \"f.ml\", line 2, characters 0-7:\n'6': bad heading level (0-5 allowed)."]}
--- input ---
{5 Foo}
{6 Bar}
--- output ---
{"value":[{"`Heading":[{"heading_level":"`Subparagraph","heading_label_explicit":"false"},{"`Label":[{"`Page":["None","f.ml"]},"foo"]},[{"`Word":"Foo"}]]},{"`Heading":[{"heading_level":"`Subparagraph","heading_label_explicit":"false"},{"`Label":[{"`Page":["None","f.ml"]},"bar"]},[{"`Word":"Bar"}]]}],"warnings":["File \"f.ml\", line 2, characters 0-7:\n'6': bad heading level (0-5 allowed)."]}
