--- input ---
@canonical Foo
--- output ---
((output (((f.ml (1 0) (1 14)) (@canonical ((f.ml (1 11) (1 14)) Foo)))))
 (warnings ()))
--- input ---
@canonical
--- output ---
((output (((f.ml (1 0) (1 10)) (@canonical ((f.ml (1 11) (1 10)) "")))))
 (warnings
  ( "File \"f.ml\", line 1, characters 0-10:\
   \n'@canonical' should not be empty.")))
--- input ---
@canonical
--- output ---
((output (((f.ml (1 0) (1 10)) (@canonical ((f.ml (1 11) (1 10)) "")))))
 (warnings
  ( "File \"f.ml\", line 1, characters 0-10:\
   \n'@canonical' should not be empty.")))
--- input ---
@canonical  Foo
--- output ---
((output (((f.ml (1 0) (1 15)) (@canonical ((f.ml (1 11) (1 15)) Foo)))))
 (warnings ()))
--- input ---
@canonicalfoo
--- output ---
((output
  (((f.ml (1 0) (1 13))
    (paragraph (((f.ml (1 0) (1 13)) (word @canonicalfoo)))))))
 (warnings
  ( "File \"f.ml\", line 1, characters 0-13:\
   \nUnknown tag '@canonicalfoo'.")))
--- input ---
@canonical Foo Bar
--- output ---
((output
  (((f.ml (1 0) (1 18)) (@canonical ((f.ml (1 11) (1 18)) "Foo Bar")))))
 (warnings ()))
