--- input ---
@param foo
--- output ---
((output (((f.ml (1 0) (1 10)) (@param foo)))) (warnings ()))
--- input ---
@param
--- output ---
((output (((f.ml (1 0) (1 6)) (@param ""))))
 (warnings
  ( "File \"f.ml\", line 1, characters 0-6:\
   \n'@param' expects parameter name on the same line.")))
--- input ---
@param
--- output ---
((output (((f.ml (1 0) (1 6)) (@param ""))))
 (warnings
  ( "File \"f.ml\", line 1, characters 0-6:\
   \n'@param' expects parameter name on the same line.")))
--- input ---
@param
foo
--- output ---
((output
  (((f.ml (1 0) (2 3))
    (@param ""
     ((f.ml (2 0) (2 3)) (paragraph (((f.ml (2 0) (2 3)) (word foo)))))))))
 (warnings
  ( "File \"f.ml\", line 1, characters 0-6:\
   \n'@param' expects parameter name on the same line.")))
--- input ---
@param foo
--- output ---
((output (((f.ml (1 0) (1 10)) (@param foo)))) (warnings ()))
--- input ---
@param  foo
--- output ---
((output (((f.ml (1 0) (1 11)) (@param foo)))) (warnings ()))
--- input ---
@param foo bar baz
--- output ---
((output
  (((f.ml (1 0) (1 18))
    (@param foo
     ((f.ml (1 11) (1 18))
      (paragraph
       (((f.ml (1 11) (1 14)) (word bar)) ((f.ml (1 14) (1 15)) space)
        ((f.ml (1 15) (1 18)) (word baz)))))))))
 (warnings ()))
--- input ---
@param foo
bar
baz
--- output ---
((output
  (((f.ml (1 0) (3 3))
    (@param foo
     ((f.ml (2 0) (3 3))
      (paragraph
       (((f.ml (2 0) (2 3)) (word bar)) ((f.ml (2 3) (3 0)) space)
        ((f.ml (3 0) (3 3)) (word baz)))))))))
 (warnings ()))
--- input ---
@param foo bar

baz
--- output ---
((output
  (((f.ml (1 0) (1 14))
    (@param foo
     ((f.ml (1 11) (1 14)) (paragraph (((f.ml (1 11) (1 14)) (word bar)))))))
   ((f.ml (3 0) (3 3)) (paragraph (((f.ml (3 0) (3 3)) (word baz)))))))
 (warnings ()))
--- input ---
@param foo
@param bar
--- output ---
((output
  (((f.ml (1 0) (1 10)) (@param foo)) ((f.ml (2 0) (2 10)) (@param bar))))
 (warnings ()))
--- input ---
@param foo @param bar
--- output ---
((output
  (((f.ml (1 0) (1 21))
    (@param foo
     ((f.ml (1 11) (1 21))
      (paragraph
       (((f.ml (1 11) (1 21)) (word @param)) ((f.ml (1 11) (1 21)) space)
        ((f.ml (1 11) (1 21)) (word bar)))))))))
 (warnings
  ( "File \"f.ml\", line 1, characters 11-21:\
   \n'@param' is not allowed in '@param'.\
   \nSuggestion: move '@param' outside of any other markup.")))
--- input ---
foo
@param bar
--- output ---
((output
  (((f.ml (1 0) (1 3)) (paragraph (((f.ml (1 0) (1 3)) (word foo)))))
   ((f.ml (2 0) (2 10)) (@param bar))))
 (warnings ()))
--- input ---
@paramfoo
--- output ---
((output
  (((f.ml (1 0) (1 9)) (paragraph (((f.ml (1 0) (1 9)) (word @paramfoo)))))))
 (warnings
  ( "File \"f.ml\", line 1, characters 0-9:\
   \nUnknown tag '@paramfoo'.")))
--- input ---
{[foo]} @param foo
--- output ---
((output
  (((f.ml (1 0) (1 7)) (code_block ((f.ml (1 2) (1 5)) foo)))
   ((f.ml (1 8) (1 18)) (@param foo))))
 (warnings
  ( "File \"f.ml\", line 1, characters 8-18:\
   \n'@param' should begin on its own line.")))
