--- input ---
foo-bar
--- output ---
((output
  (((f.ml (1 0) (1 7)) (paragraph (((f.ml (1 0) (1 7)) (word foo-bar)))))))
 (warnings ()))
--- input ---
foo -
--- output ---
((output
  (((f.ml (1 0) (1 5))
    (paragraph
     (((f.ml (1 0) (1 3)) (word foo)) ((f.ml (1 3) (1 4)) space)
      ((f.ml (1 4) (1 5)) (word -)))))))
 (warnings ()))
--- input ---
foo+bar
--- output ---
((output
  (((f.ml (1 0) (1 7)) (paragraph (((f.ml (1 0) (1 7)) (word foo+bar)))))))
 (warnings ()))
--- input ---
foo +
--- output ---
((output
  (((f.ml (1 0) (1 5))
    (paragraph
     (((f.ml (1 0) (1 3)) (word foo)) ((f.ml (1 3) (1 4)) space)
      ((f.ml (1 4) (1 5)) (word +)))))))
 (warnings ()))
--- input ---
foo|bar
--- output ---
((output
  (((f.ml (1 0) (1 7))
    (paragraph
     (((f.ml (1 0) (1 3)) (word foo)) ((f.ml (1 3) (1 4)) (word |))
      ((f.ml (1 4) (1 7)) (word bar)))))))
 (warnings ()))
--- input ---
foo\|bar
--- output ---
((output
  (((f.ml (1 0) (1 8)) (paragraph (((f.ml (1 0) (1 8)) (word "foo\\|bar")))))))
 (warnings ()))
--- input ---
foo |
--- output ---
((output
  (((f.ml (1 0) (1 5))
    (paragraph
     (((f.ml (1 0) (1 3)) (word foo)) ((f.ml (1 3) (1 4)) space)
      ((f.ml (1 4) (1 5)) (word |)))))))
 (warnings ()))
--- input ---
-3.14 -1337
--- output ---
((output
  (((f.ml (1 0) (1 11))
    (paragraph
     (((f.ml (1 0) (1 5)) (word -3.14)) ((f.ml (1 5) (1 6)) space)
      ((f.ml (1 6) (1 11)) (word -1337)))))))
 (warnings ()))
--- input ---
-- ---
--- output ---
((output
  (((f.ml (1 0) (1 6))
    (paragraph
     (((f.ml (1 0) (1 2)) (word --)) ((f.ml (1 2) (1 3)) space)
      ((f.ml (1 3) (1 6)) (word ---)))))))
 (warnings ()))
--- input ---
-@
--- output ---
((output (((f.ml (1 0) (1 2)) (paragraph (((f.ml (1 0) (1 2)) (word -@)))))))
 (warnings ()))
--- input ---
-@-
--- output ---
((output
  (((f.ml (1 0) (1 3)) (paragraph (((f.ml (1 0) (1 3)) (word -@-)))))))
 (warnings ()))
--- input ---
--option
--- output ---
((output
  (((f.ml (1 0) (1 8)) (paragraph (((f.ml (1 0) (1 8)) (word --option)))))))
 (warnings ()))
