--- input ---
{{!foo} bar}
--- output ---
((output
  (((f.ml (1 0) (1 12))
    (paragraph
     (((f.ml (1 0) (1 12))
       (with_text ((f.ml (1 3) (1 7)) foo)
        (((f.ml (1 8) (1 11)) (word bar))))))))))
 (warnings ()))
--- input ---
{{!foo}}
--- output ---
((output
  (((f.ml (1 0) (1 8))
    (paragraph
     (((f.ml (1 0) (1 8)) (with_text ((f.ml (1 3) (1 7)) foo) ())))))))
 (warnings
  ( "File \"f.ml\", line 1, characters 0-8:\
   \n'{{!...} ...}' (cross-reference) should not be empty.")))
--- input ---
{{!foo} }
--- output ---
((output
  (((f.ml (1 0) (1 9))
    (paragraph
     (((f.ml (1 0) (1 9)) (with_text ((f.ml (1 3) (1 7)) foo) ())))))))
 (warnings
  ( "File \"f.ml\", line 1, characters 0-9:\
   \n'{{!...} ...}' (cross-reference) should not be empty.")))
--- input ---
{{!foo} {b bar}}
--- output ---
((output
  (((f.ml (1 0) (1 16))
    (paragraph
     (((f.ml (1 0) (1 16))
       (with_text ((f.ml (1 3) (1 7)) foo)
        (((f.ml (1 8) (1 15)) (bold (((f.ml (1 11) (1 14)) (word bar)))))))))))))
 (warnings ()))
--- input ---
{e {{!foo} bar}}
--- output ---
((output
  (((f.ml (1 0) (1 16))
    (paragraph
     (((f.ml (1 0) (1 16))
       (emphasis
        (((f.ml (1 3) (1 15))
          (with_text ((f.ml (1 6) (1 10)) foo)
           (((f.ml (1 11) (1 14)) (word bar)))))))))))))
 (warnings ()))
--- input ---
{{!foo}bar}
--- output ---
((output
  (((f.ml (1 0) (1 11))
    (paragraph
     (((f.ml (1 0) (1 11))
       (with_text ((f.ml (1 3) (1 7)) foo)
        (((f.ml (1 7) (1 10)) (word bar))))))))))
 (warnings ()))
--- input ---
{{!val:foo} bar}
--- output ---
((output
  (((f.ml (1 0) (1 16))
    (paragraph
     (((f.ml (1 0) (1 16))
       (with_text ((f.ml (1 3) (1 11)) val:foo)
        (((f.ml (1 12) (1 15)) (word bar))))))))))
 (warnings ()))
--- input ---
{{!foo} {!bar}}
--- output ---
((output
  (((f.ml (1 0) (1 15))
    (paragraph
     (((f.ml (1 0) (1 15))
       (with_text ((f.ml (1 3) (1 7)) foo)
        (((f.ml (1 8) (1 14)) (simple ((f.ml (1 10) (1 14)) bar) ()))))))))))
 (warnings ()))
--- input ---
{{!foo} {{!bar}}}
--- output ---
((output
  (((f.ml (1 0) (1 17))
    (paragraph
     (((f.ml (1 0) (1 17))
       (with_text ((f.ml (1 3) (1 7)) foo)
        (((f.ml (1 8) (1 16)) (with_text ((f.ml (1 11) (1 15)) bar) ()))))))))))
 (warnings
  ( "File \"f.ml\", line 1, characters 8-16:\
   \n'{{!...} ...}' (cross-reference) should not be empty.")))
--- input ---
{{!foo} {e {{!bar} baz}}}
--- output ---
((output
  (((f.ml (1 0) (1 25))
    (paragraph
     (((f.ml (1 0) (1 25))
       (with_text ((f.ml (1 3) (1 7)) foo)
        (((f.ml (1 8) (1 24))
          (emphasis
           (((f.ml (1 11) (1 23))
             (with_text ((f.ml (1 14) (1 18)) bar)
              (((f.ml (1 19) (1 22)) (word baz))))))))))))))))
 (warnings ()))
--- input ---
{{!foo} {e {!bar}}}
--- output ---
((output
  (((f.ml (1 0) (1 19))
    (paragraph
     (((f.ml (1 0) (1 19))
       (with_text ((f.ml (1 3) (1 7)) foo)
        (((f.ml (1 8) (1 18))
          (emphasis
           (((f.ml (1 11) (1 17)) (simple ((f.ml (1 13) (1 17)) bar) ())))))))))))))
 (warnings ()))
--- input ---
{{!} foo}
--- output ---
((output
  (((f.ml (1 0) (1 9))
    (paragraph
     (((f.ml (1 0) (1 9))
       (with_text ((f.ml (1 3) (1 4)) "") (((f.ml (1 5) (1 8)) (word foo))))))))))
 (warnings ()))
--- input ---
{{! } foo}
--- output ---
((output
  (((f.ml (1 0) (1 10))
    (paragraph
     (((f.ml (1 0) (1 10))
       (with_text ((f.ml (1 3) (1 5)) " ") (((f.ml (1 6) (1 9)) (word foo))))))))))
 (warnings ()))
--- input ---
{{!( * )} baz}
--- output ---
((output
  (((f.ml (1 0) (1 14))
    (paragraph
     (((f.ml (1 0) (1 14))
       (with_text ((f.ml (1 3) (1 9)) "( * )")
        (((f.ml (1 10) (1 13)) (word baz))))))))))
 (warnings ()))
--- input ---
{{!foo
--- output ---
((output
  (((f.ml (1 0) (1 6))
    (paragraph
     (((f.ml (1 0) (1 6)) (with_text ((f.ml (1 3) (1 6)) foo) ())))))))
 (warnings
  ( "File \"f.ml\", line 1, characters 0-6:\
   \nOpen bracket '{{!' is never closed."
    "File \"f.ml\", line 1, characters 6-6:\
   \nEnd of text is not allowed in '{{!...} ...}' (cross-reference)."
    "File \"f.ml\", line 1, characters 0-6:\
   \n'{{!...} ...}' (cross-reference) should not be empty.")))
--- input ---
{{!foo} bar
--- output ---
((output
  (((f.ml (1 0) (1 11))
    (paragraph
     (((f.ml (1 0) (1 11))
       (with_text ((f.ml (1 3) (1 7)) foo)
        (((f.ml (1 8) (1 11)) (word bar))))))))))
 (warnings
  ( "File \"f.ml\", line 1, characters 11-11:\
   \nEnd of text is not allowed in '{{!...} ...}' (cross-reference).")))
