--- input ---

--- output ---
((output ()) (warnings ()))
--- input ---
 
--- output ---
((output ()) (warnings ()))
--- input ---
  
--- output ---
((output ()) (warnings ()))
--- input ---
	
--- output ---
((output ()) (warnings ()))
--- input ---
 	 	
--- output ---
((output ()) (warnings ()))
--- input ---

--- output ---
((output ()) (warnings ()))
--- input ---


--- output ---
((output ()) (warnings ()))
--- input ---

--- output ---
((output ()) (warnings ()))
