--- input ---
{v foo v}
--- output ---
((output (((f.ml (1 0) (1 9)) (verbatim foo)))) (warnings ()))
--- input ---
{v v}
--- output ---
((output (((f.ml (1 0) (1 5)) (verbatim ""))))
 (warnings
  ( "File \"f.ml\", line 1, characters 0-5:\
   \n'{v ... v}' (verbatim text) should not be empty.")))
--- input ---
{vv}
--- output ---
((output (((f.ml (1 0) (1 4)) (verbatim v}))))
 (warnings
  ( "File \"f.ml\", line 1, characters 2-4:\
   \n'v}' should be preceded by whitespace."
    "File \"f.ml\", line 1, characters 0-2:\
   \n'{v' should be followed by whitespace.")))
--- input ---
{v  v}
--- output ---
((output (((f.ml (1 0) (1 6)) (verbatim ""))))
 (warnings
  ( "File \"f.ml\", line 1, characters 0-6:\
   \n'{v ... v}' (verbatim text) should not be empty.")))
--- input ---
{v
  
v}
--- output ---
((output (((f.ml (1 0) (3 2)) (verbatim "  ")))) (warnings ()))
--- input ---
{vfoo v}
--- output ---
((output (((f.ml (1 0) (1 8)) (verbatim foo))))
 (warnings
  ( "File \"f.ml\", line 1, characters 0-2:\
   \n'{v' should be followed by whitespace.")))
--- input ---
{v foov}
--- output ---
((output (((f.ml (1 0) (1 8)) (verbatim foov}))))
 (warnings
  ( "File \"f.ml\", line 1, characters 6-8:\
   \n'v}' should be preceded by whitespace.")))
--- input ---
{v  foo v}
--- output ---
((output (((f.ml (1 0) (1 10)) (verbatim " foo")))) (warnings ()))
--- input ---
{v foo  v}
--- output ---
((output (((f.ml (1 0) (1 10)) (verbatim "foo ")))) (warnings ()))
--- input ---
{v	foo v}
--- output ---
((output (((f.ml (1 0) (1 9)) (verbatim "\tfoo")))) (warnings ()))
--- input ---
{v
foo v}
--- output ---
((output (((f.ml (1 0) (2 6)) (verbatim foo)))) (warnings ()))
--- input ---
{v
foo v}
--- output ---
((output (((f.ml (1 0) (2 6)) (verbatim foo)))) (warnings ()))
--- input ---
{v foo	v}
--- output ---
((output (((f.ml (1 0) (1 9)) (verbatim "foo\t")))) (warnings ()))
--- input ---
{v foo
v}
--- output ---
((output (((f.ml (1 0) (2 2)) (verbatim foo)))) (warnings ()))
--- input ---
{v foo
v}
--- output ---
((output (((f.ml (1 0) (2 2)) (verbatim "foo\r")))) (warnings ()))
--- input ---
{v foo bar v}
--- output ---
((output (((f.ml (1 0) (1 13)) (verbatim "foo bar")))) (warnings ()))
--- input ---
{v foo
bar v}
--- output ---
((output (((f.ml (1 0) (2 6)) (verbatim  "foo\
                                        \nbar")))) (warnings ()))
--- input ---
{v foo
bar v}
--- output ---
((output (((f.ml (1 0) (2 6)) (verbatim  "foo\r\
                                        \nbar")))) (warnings ()))
--- input ---
{v foo

bar v}
--- output ---
((output (((f.ml (1 0) (3 6)) (verbatim  "foo\
                                        \n\
                                        \nbar")))) (warnings ()))
--- input ---
{v

foo v}
--- output ---
((output (((f.ml (1 0) (3 6)) (verbatim  "\
                                        \nfoo")))) (warnings ()))
--- input ---
{v
 foo v}
--- output ---
((output (((f.ml (1 0) (2 7)) (verbatim " foo")))) (warnings ()))
--- input ---
{v 
foo v}
--- output ---
((output (((f.ml (1 0) (2 6)) (verbatim foo)))) (warnings ()))
--- input ---
{v {v v}
--- output ---
((output (((f.ml (1 0) (1 8)) (verbatim {v)))) (warnings ()))
--- input ---
{v foo v} v}
--- output ---
((output
  (((f.ml (1 0) (1 9)) (verbatim foo))
   ((f.ml (1 10) (1 11)) (paragraph (((f.ml (1 10) (1 11)) (word v)))))
   ((f.ml (1 11) (1 12)) (paragraph (((f.ml (1 11) (1 12)) (word })))))))
 (warnings
  ( "File \"f.ml\", line 1, characters 10-11:\
   \nParagraph should begin on its own line."
    "File \"f.ml\", line 1, characters 11-12:\
   \nUnpaired '}' (end of markup).\
   \nSuggestion: try '\\}'.")))
--- input ---
{v {dev} v}
--- output ---
((output (((f.ml (1 0) (1 11)) (verbatim {dev})))) (warnings ()))
--- input ---
{v v v}
--- output ---
((output (((f.ml (1 0) (1 7)) (verbatim v)))) (warnings ()))
--- input ---
{v vv v}
--- output ---
((output (((f.ml (1 0) (1 8)) (verbatim vv)))) (warnings ()))
--- input ---
{v vv}
--- output ---
((output (((f.ml (1 0) (1 6)) (verbatim vv}))))
 (warnings
  ( "File \"f.ml\", line 1, characters 4-6:\
   \n'v}' should be preceded by whitespace.")))
--- input ---
{v vvv}
--- output ---
((output (((f.ml (1 0) (1 7)) (verbatim vvv}))))
 (warnings
  ( "File \"f.ml\", line 1, characters 5-7:\
   \n'v}' should be preceded by whitespace.")))
--- input ---
{v foovvbar v}
--- output ---
((output (((f.ml (1 0) (1 14)) (verbatim foovvbar)))) (warnings ()))
--- input ---
{v foo

v}
--- output ---
((output (((f.ml (1 0) (3 2)) (verbatim "foo\n")))) (warnings ()))
--- input ---
{v foo v}
--- output ---
((output (((f.ml (1 0) (1 9)) (verbatim foo)))) (warnings ()))
--- input ---
{v foo v}
--- output ---
((output (((f.ml (1 0) (1 9)) (verbatim foo)))) (warnings ()))
--- input ---
{v foo v} {v bar v}
--- output ---
((output
  (((f.ml (1 0) (1 9)) (verbatim foo)) ((f.ml (1 10) (1 19)) (verbatim bar))))
 (warnings
  ( "File \"f.ml\", line 1, characters 10-19:\
   \n'{v ... v}' (verbatim text) should begin on its own line.")))
--- input ---
{v foo v}
{v bar v}
--- output ---
((output
  (((f.ml (1 0) (1 9)) (verbatim foo)) ((f.ml (2 0) (2 9)) (verbatim bar))))
 (warnings ()))
--- input ---
{v foo v}

{v bar v}
--- output ---
((output
  (((f.ml (1 0) (1 9)) (verbatim foo)) ((f.ml (3 0) (3 9)) (verbatim bar))))
 (warnings ()))
--- input ---
{v foo v} bar
--- output ---
((output
  (((f.ml (1 0) (1 9)) (verbatim foo))
   ((f.ml (1 10) (1 13)) (paragraph (((f.ml (1 10) (1 13)) (word bar)))))))
 (warnings
  ( "File \"f.ml\", line 1, characters 10-13:\
   \nParagraph should begin on its own line.")))
--- input ---
foo {v bar v}
--- output ---
((output
  (((f.ml (1 0) (1 4))
    (paragraph (((f.ml (1 0) (1 3)) (word foo)) ((f.ml (1 3) (1 4)) space))))
   ((f.ml (1 4) (1 13)) (verbatim bar))))
 (warnings
  ( "File \"f.ml\", line 1, characters 4-13:\
   \n'{v ... v}' (verbatim text) should begin on its own line.")))
--- input ---
foo
{v bar v}
--- output ---
((output
  (((f.ml (1 0) (1 3)) (paragraph (((f.ml (1 0) (1 3)) (word foo)))))
   ((f.ml (2 0) (2 9)) (verbatim bar))))
 (warnings ()))
--- input ---
{v foo v}
bar
--- output ---
((output
  (((f.ml (1 0) (1 9)) (verbatim foo))
   ((f.ml (2 0) (2 3)) (paragraph (((f.ml (2 0) (2 3)) (word bar)))))))
 (warnings ()))
--- input ---
{v foo
--- output ---
((output (((f.ml (1 0) (1 6)) (verbatim foo))))
 (warnings
  ( "File \"f.ml\", line 1, characters 6-6:\
   \nEnd of text is not allowed in '{v ... v}' (verbatim text).")))
--- input ---
{v foo v
--- output ---
((output (((f.ml (1 0) (1 8)) (verbatim "foo v"))))
 (warnings
  ( "File \"f.ml\", line 1, characters 8-8:\
   \nEnd of text is not allowed in '{v ... v}' (verbatim text).")))
--- input ---
{v
--- output ---
((output (((f.ml (1 0) (1 2)) (verbatim ""))))
 (warnings
  ( "File \"f.ml\", line 1, characters 2-2:\
   \nEnd of text is not allowed in '{v ... v}' (verbatim text)."
    "File \"f.ml\", line 1, characters 0-2:\
   \n'{v ... v}' (verbatim text) should not be empty.")))
--- input ---
{v
--- output ---
((output (((f.ml (1 0) (1 2)) (verbatim ""))))
 (warnings
  ( "File \"f.ml\", line 1, characters 2-2:\
   \nEnd of text is not allowed in '{v ... v}' (verbatim text)."
    "File \"f.ml\", line 1, characters 0-2:\
   \n'{v ... v}' (verbatim text) should not be empty.")))
--- input ---
{v
--- output ---
((output (((f.ml (1 0) (1 2)) (verbatim ""))))
 (warnings
  ( "File \"f.ml\", line 1, characters 2-2:\
   \nEnd of text is not allowed in '{v ... v}' (verbatim text)."
    "File \"f.ml\", line 1, characters 0-2:\
   \n'{v ... v}' (verbatim text) should not be empty.")))
--- input ---
{v foov}
--- output ---
((output (((f.ml (1 0) (1 9)) (verbatim "foo\r")))) (warnings ()))
--- input ---

   {v
  foo
 v}
--- output ---
((output
  (((f.ml (2 3) (4 3))
    (verbatim foo
     (Warnings
       "File \"f.ml\", line 2, character 3 to line 4, character 3:\
      \nVerbatims should be indented at the opening `{`.")))))
 (warnings ()))
--- input ---

   {v foo
 v}
--- output ---
((output (((f.ml (2 3) (3 3)) (verbatim foo)))) (warnings ()))
--- input ---

   {[ foo
  bar ]}
--- output ---
((output
  (((f.ml (2 3) (3 8))
    (code_block ((f.ml (2 5) (3 6))  "  foo\
                                    \nbar ")
     (Warnings
       "File \"f.ml\", line 2, character 3 to line 3, character 8:\
      \nCode blocks should be indented at the opening `{`.")))))
 (warnings ()))
--- input ---

   {v
   foo
 v}
--- output ---
((output (((f.ml (2 3) (4 3)) (verbatim foo)))) (warnings ()))
--- input ---
 {v foo v} 
--- output ---
((output (((f.ml (1 1) (1 10)) (verbatim foo)))) (warnings ()))
--- input ---

   {v
   foo
     bar
       baz
 v}
--- output ---
((output (((f.ml (2 3) (6 3)) (verbatim  "foo\
                                        \n  bar\
                                        \n    baz"))))
 (warnings ()))
--- input ---

   {v
       baz
     bar
   foo
 v}
--- output ---
((output (((f.ml (2 3) (6 3)) (verbatim  "    baz\
                                        \n  bar\
                                        \nfoo"))))
 (warnings ()))
--- input ---

   {v
       baz
     bar
       foo
 v}
--- output ---
((output (((f.ml (2 3) (6 3)) (verbatim  "    baz\
                                        \n  bar\
                                        \n    foo"))))
 (warnings ()))
--- input ---

   {v
    baz
  bar
    foo
 v}
--- output ---
((output
  (((f.ml (2 3) (6 3))
    (verbatim  "  baz\
              \nbar\
              \n  foo"
     (Warnings
       "File \"f.ml\", line 2, character 3 to line 6, character 3:\
      \nVerbatims should be indented at the opening `{`.")))))
 (warnings ()))
